2026-07-09 - MainProcess - INFO - fsm.py:59 - STARTING GRABBER MODE
2026-07-09 - MainProcess - INFO - grabber_fsm.py:214 - State changed: INIT -> MOVE_TO_OCTAGON
2026-07-09 - MainProcess - INFO - grabber_fsm.py:214 - State changed: MOVE_TO_OCTAGON -> SEARCH_FOR_ITEM
2026-07-09 - MainProcess - INFO - grabber_fsm.py:214 - State changed: SEARCH_FOR_ITEM -> VERIFY_ITEM_TARGET
2026-07-09 - MainProcess - INFO - fsm.py:98 - DVL: 	 x = 4.0	 y = 0.0	 z = 0.0
TGT: 	 x = 4.0	 y = 0.0	 z = 0.0
2026-07-09 - MainProcess - INFO - fsm.py:98 - DVL: 	 x = 4.0	 y = 0.0	 z = 0.0
TGT: 	 x = 4.0	 y = 0.0	 z = 0.0
2026-07-09 - MainProcess - INFO - fsm.py:98 - DVL: 	 x = 4.0	 y = 0.0	 z = 0.0
TGT: 	 x = 4.0	 y = 0.0	 z = 0.0
2026-07-09 - MainProcess - INFO - grabber_fsm.py:214 - State changed: VERIFY_ITEM_TARGET -> ALIGN_TO_ITEM
2026-07-09 - MainProcess - INFO - fsm.py:98 - DVL: 	 x = 4.0	 y = 0.0	 z = 0.0
TGT: 	 x = 4.0	 y = 0.0	 z = 0.0
2026-07-09 - MainProcess - INFO - grabber_fsm.py:214 - State changed: ALIGN_TO_ITEM -> VERIFY_GRAB_POSITION
2026-07-09 - MainProcess - INFO - fsm.py:98 - DVL: 	 x = 4.0	 y = 0.0	 z = 0.0
TGT: 	 x = 4.0	 y = 0.0	 z = 0.0
2026-07-09 - MainProcess - INFO - grabber_fsm.py:214 - State changed: VERIFY_GRAB_POSITION -> GRAB_ITEM
2026-07-09 - MainProcess - INFO - fsm.py:98 - DVL: 	 x = 4.0	 y = 0.0	 z = 0.0
TGT: 	 x = 4.0	 y = 0.0	 z = 0.0
2026-07-09 - MainProcess - INFO - grabber_fsm.py:214 - State changed: GRAB_ITEM -> SEARCH_FOR_BASKET
2026-07-09 - MainProcess - INFO - fsm.py:98 - DVL: 	 x = 4.0	 y = 0.0	 z = 0.0
TGT: 	 x = 4.0	 y = 0.0	 z = 0.0
2026-07-09 - MainProcess - INFO - grabber_fsm.py:214 - State changed: SEARCH_FOR_BASKET -> VERIFY_BASKET_TARGET
2026-07-09 - MainProcess - INFO - fsm.py:98 - DVL: 	 x = 4.0	 y = 0.0	 z = 0.0
TGT: 	 x = 4.0	 y = 0.0	 z = 0.0
2026-07-09 - MainProcess - INFO - fsm.py:98 - DVL: 	 x = 4.0	 y = 0.0	 z = 0.0
TGT: 	 x = 4.0	 y = 0.0	 z = 0.0
2026-07-09 - MainProcess - INFO - fsm.py:98 - DVL: 	 x = 4.0	 y = 0.0	 z = 0.0
TGT: 	 x = 4.0	 y = 0.0	 z = 0.0
2026-07-09 - MainProcess - INFO - grabber_fsm.py:214 - State changed: VERIFY_BASKET_TARGET -> ALIGN_TO_BASKET
2026-07-09 - MainProcess - INFO - fsm.py:98 - DVL: 	 x = 4.0	 y = 0.0	 z = 0.0
TGT: 	 x = 4.0	 y = 0.0	 z = 0.0
2026-07-09 - MainProcess - INFO - grabber_fsm.py:214 - State changed: ALIGN_TO_BASKET -> VERIFY_RELEASE_POSITION
2026-07-09 - MainProcess - INFO - fsm.py:98 - DVL: 	 x = 4.0	 y = 0.0	 z = 0.0
TGT: 	 x = 4.0	 y = 0.0	 z = 0.0
2026-07-09 - MainProcess - INFO - grabber_fsm.py:214 - State changed: VERIFY_RELEASE_POSITION -> RELEASE_ITEM
2026-07-09 - MainProcess - INFO - fsm.py:98 - DVL: 	 x = 4.0	 y = 0.0	 z = 0.0
TGT: 	 x = 4.0	 y = 0.0	 z = 0.0
2026-07-09 - MainProcess - INFO - grabber_fsm.py:214 - State changed: RELEASE_ITEM -> SEARCH_FOR_ITEM
2026-07-09 - MainProcess - INFO - fsm.py:98 - DVL: 	 x = 4.0	 y = 0.0	 z = 0.0
TGT: 	 x = 4.0	 y = 0.0	 z = 0.0
2026-07-09 - MainProcess - INFO - grabber_fsm.py:214 - State changed: SEARCH_FOR_ITEM -> VERIFY_ITEM_TARGET
2026-07-09 - MainProcess - INFO - fsm.py:98 - DVL: 	 x = 4.0	 y = 0.0	 z = 0.0
TGT: 	 x = 4.0	 y = 0.0	 z = 0.0
2026-07-09 - MainProcess - INFO - fsm.py:98 - DVL: 	 x = 4.0	 y = 0.0	 z = 0.0
TGT: 	 x = 4.0	 y = 0.0	 z = 0.0
2026-07-09 - MainProcess - INFO - fsm.py:98 - DVL: 	 x = 4.0	 y = 0.0	 z = 0.0
TGT: 	 x = 4.0	 y = 0.0	 z = 0.0
2026-07-09 - MainProcess - INFO - grabber_fsm.py:214 - State changed: VERIFY_ITEM_TARGET -> ALIGN_TO_ITEM
2026-07-09 - MainProcess - INFO - fsm.py:98 - DVL: 	 x = 4.0	 y = 0.0	 z = 0.0
TGT: 	 x = 4.0	 y = 0.0	 z = 0.0
2026-07-09 - MainProcess - INFO - grabber_fsm.py:214 - State changed: ALIGN_TO_ITEM -> VERIFY_GRAB_POSITION
2026-07-09 - MainProcess - INFO - fsm.py:98 - DVL: 	 x = 4.0	 y = 0.0	 z = 0.0
TGT: 	 x = 4.0	 y = 0.0	 z = 0.0
2026-07-09 - MainProcess - INFO - grabber_fsm.py:214 - State changed: VERIFY_GRAB_POSITION -> GRAB_ITEM
2026-07-09 - MainProcess - INFO - fsm.py:98 - DVL: 	 x = 4.0	 y = 0.0	 z = 0.0
TGT: 	 x = 4.0	 y = 0.0	 z = 0.0
2026-07-09 - MainProcess - INFO - grabber_fsm.py:214 - State changed: GRAB_ITEM -> SEARCH_FOR_BASKET
2026-07-09 - MainProcess - INFO - fsm.py:98 - DVL: 	 x = 4.0	 y = 0.0	 z = 0.0
TGT: 	 x = 4.0	 y = 0.0	 z = 0.0
2026-07-09 - MainProcess - INFO - grabber_fsm.py:214 - State changed: SEARCH_FOR_BASKET -> VERIFY_BASKET_TARGET
2026-07-09 - MainProcess - INFO - fsm.py:98 - DVL: 	 x = 4.0	 y = 0.0	 z = 0.0
TGT: 	 x = 4.0	 y = 0.0	 z = 0.0
2026-07-09 - MainProcess - INFO - fsm.py:98 - DVL: 	 x = 4.0	 y = 0.0	 z = 0.0
TGT: 	 x = 4.0	 y = 0.0	 z = 0.0
2026-07-09 - MainProcess - INFO - fsm.py:98 - DVL: 	 x = 4.0	 y = 0.0	 z = 0.0
TGT: 	 x = 4.0	 y = 0.0	 z = 0.0
2026-07-09 - MainProcess - INFO - grabber_fsm.py:214 - State changed: VERIFY_BASKET_TARGET -> ALIGN_TO_BASKET
2026-07-09 - MainProcess - INFO - fsm.py:98 - DVL: 	 x = 4.0	 y = 0.0	 z = 0.0
TGT: 	 x = 4.0	 y = 0.0	 z = 0.0
2026-07-09 - MainProcess - INFO - grabber_fsm.py:214 - State changed: ALIGN_TO_BASKET -> VERIFY_RELEASE_POSITION
2026-07-09 - MainProcess - INFO - fsm.py:98 - DVL: 	 x = 4.0	 y = 0.0	 z = 0.0
TGT: 	 x = 4.0	 y = 0.0	 z = 0.0
2026-07-09 - MainProcess - INFO - grabber_fsm.py:214 - State changed: VERIFY_RELEASE_POSITION -> RELEASE_ITEM
2026-07-09 - MainProcess - INFO - fsm.py:98 - DVL: 	 x = 4.0	 y = 0.0	 z = 0.0
TGT: 	 x = 4.0	 y = 0.0	 z = 0.0
2026-07-09 - MainProcess - INFO - grabber_fsm.py:214 - State changed: RELEASE_ITEM -> SURFACE_IN_OCTAGON
2026-07-09 - MainProcess - INFO - fsm.py:98 - DVL: 	 x = 4.0	 y = 0.0	 z = 0.0
TGT: 	 x = 4.0	 y = 0.0	 z = 0.0
2026-07-09 - MainProcess - INFO - grabber_fsm.py:214 - State changed: SURFACE_IN_OCTAGON -> FACE_TARGET_ICON
2026-07-09 - MainProcess - INFO - fsm.py:98 - DVL: 	 x = 4.0	 y = 0.0	 z = 0.0
TGT: 	 x = 4.0	 y = 0.0	 z = 0.0
2026-07-09 - MainProcess - INFO - grabber_fsm.py:214 - State changed: FACE_TARGET_ICON -> COMPLETE
